
  .   ____          _            __ _ _
 /\\ / ___'_ __ _ _(_)_ __  __ _ \ \ \ \
( ( )\___ | '_ | '_| | '_ \/ _` | \ \ \ \
 \\/  ___)| |_)| | | | | || (_| |  ) ) ) )
  '  |____| .__|_| |_|_| |_\__, | / / / /
 =========|_|==============|___/=/_/_/_/
 :: Spring Boot ::                (v3.2.2)

2026-05-29T07:18:00.911+08:00  INFO 9616 --- [bible-search-service] [           main] c.b.search.SearchServiceApplicationKt    : Starting SearchServiceApplicationKt using Java 17.0.2 with PID 9616 (C:\Users\PC\.qclaw\workspace-v733kxt9elzfv7u1\bible-microservices\bible-search-service\build\libs\bible-search-service.jar started by PC in C:\Users\PC\.qclaw\workspace-v733kxt9elzfv7u1\bible-microservices\bible-search-service)
2026-05-29T07:18:00.924+08:00 DEBUG 9616 --- [bible-search-service] [           main] c.b.search.SearchServiceApplicationKt    : Running with Spring Boot v3.2.2, Spring v6.1.3
2026-05-29T07:18:00.931+08:00  INFO 9616 --- [bible-search-service] [           main] c.b.search.SearchServiceApplicationKt    : No active profile set, falling back to 1 default profile: "default"
2026-05-29T07:18:09.927+08:00  INFO 9616 --- [bible-search-service] [           main] o.s.b.w.embedded.tomcat.TomcatWebServer  : Tomcat initialized with port 8082 (http)
2026-05-29T07:18:10.428+08:00  INFO 9616 --- [bible-search-service] [           main] o.apache.catalina.core.StandardService   : Starting service [Tomcat]
2026-05-29T07:18:10.430+08:00  INFO 9616 --- [bible-search-service] [           main] o.apache.catalina.core.StandardEngine    : Starting Servlet engine: [Apache Tomcat/10.1.18]
2026-05-29T07:18:10.949+08:00  INFO 9616 --- [bible-search-service] [           main] o.a.c.c.C.[Tomcat].[localhost].[/]       : Initializing Spring embedded WebApplicationContext
2026-05-29T07:18:10.972+08:00  INFO 9616 --- [bible-search-service] [           main] w.s.c.ServletWebServerApplicationContext : Root WebApplicationContext: initialization completed in 9270 ms
2026-05-29T07:18:14.077+08:00  INFO 9616 --- [bible-search-service] [           main] o.s.b.w.embedded.tomcat.TomcatWebServer  : Tomcat started on port 8082 (http) with context path ''
2026-05-29T07:18:14.471+08:00  INFO 9616 --- [bible-search-service] [           main] c.b.search.SearchServiceApplicationKt    : Started SearchServiceApplicationKt in 15.759 seconds (process running for 18.909)
2026-05-29T07:18:50.690+08:00  INFO 9616 --- [bible-search-service] [nio-8082-exec-3] o.a.c.c.C.[Tomcat].[localhost].[/]       : Initializing Spring DispatcherServlet 'dispatcherServlet'
2026-05-29T07:18:50.691+08:00  INFO 9616 --- [bible-search-service] [nio-8082-exec-3] o.s.web.servlet.DispatcherServlet        : Initializing Servlet 'dispatcherServlet'
2026-05-29T07:18:50.694+08:00  INFO 9616 --- [bible-search-service] [nio-8082-exec-3] o.s.web.servlet.DispatcherServlet        : Completed initialization in 2 ms
2026-05-29T07:18:52.392+08:00  INFO 9616 --- [bible-search-service] [nio-8082-exec-3] c.b.search.service.BibleSearchService    : 译本 lxx: 共 84 卷书，开始索引...
2026-05-29T07:18:54.551+08:00  INFO 9616 --- [bible-search-service] [nio-8082-exec-3] c.b.search.service.BibleSearchService    :   [lxx] Genesis: 1531 verses (total 1531)
2026-05-29T07:18:55.054+08:00  INFO 9616 --- [bible-search-service] [nio-8082-exec-3] c.b.search.service.BibleSearchService    :   [lxx] Exodus: 1163 verses (total 2694)
2026-05-29T07:18:55.297+08:00  INFO 9616 --- [bible-search-service] [nio-8082-exec-3] c.b.search.service.BibleSearchService    :   [lxx] Leviticus: 859 verses (total 3553)
2026-05-29T07:18:55.567+08:00  INFO 9616 --- [bible-search-service] [nio-8082-exec-3] c.b.search.service.BibleSearchService    :   [lxx] Numbers: 1287 verses (total 4840)
2026-05-29T07:18:55.876+08:00  INFO 9616 --- [bible-search-service] [nio-8082-exec-3] c.b.search.service.BibleSearchService    :   [lxx] Deuteronomy: 959 verses (total 5799)
2026-05-29T07:18:56.043+08:00  INFO 9616 --- [bible-search-service] [nio-8082-exec-3] c.b.search.service.BibleSearchService    :   [lxx] Joshua: 643 verses (total 6442)
2026-05-29T07:18:56.192+08:00  INFO 9616 --- [bible-search-service] [nio-8082-exec-3] c.b.search.service.BibleSearchService    :   [lxx] Judges: 618 verses (total 7060)
2026-05-29T07:18:56.207+08:00  INFO 9616 --- [bible-search-service] [nio-8082-exec-3] c.b.search.service.BibleSearchService    :   [lxx] Ruth: 85 verses (total 7145)
2026-05-29T07:18:56.363+08:00  INFO 9616 --- [bible-search-service] [nio-8082-exec-3] c.b.search.service.BibleSearchService    :   [lxx] I Samuel: 772 verses (total 7917)
2026-05-29T07:18:56.582+08:00  INFO 9616 --- [bible-search-service] [nio-8082-exec-3] c.b.search.service.BibleSearchService    :   [lxx] II Samuel: 695 verses (total 8612)
2026-05-29T07:18:56.785+08:00  INFO 9616 --- [bible-search-service] [nio-8082-exec-3] c.b.search.service.BibleSearchService    :   [lxx] I Kings: 756 verses (total 9368)
2026-05-29T07:18:56.937+08:00  INFO 9616 --- [bible-search-service] [nio-8082-exec-3] c.b.search.service.BibleSearchService    :   [lxx] II Kings: 719 verses (total 10087)
2026-05-29T07:18:57.064+08:00  INFO 9616 --- [bible-search-service] [nio-8082-exec-3] c.b.search.service.BibleSearchService    :   [lxx] I Chronicles: 930 verses (total 11017)
2026-05-29T07:18:57.483+08:00  INFO 9616 --- [bible-search-service] [nio-8082-exec-3] c.b.search.service.BibleSearchService    :   [lxx] II Chronicles: 821 verses (total 11838)
2026-05-29T07:18:57.540+08:00  INFO 9616 --- [bible-search-service] [nio-8082-exec-3] c.b.search.service.BibleSearchService    :   [lxx] Ezra: 280 verses (total 12118)
2026-05-29T07:18:57.612+08:00  INFO 9616 --- [bible-search-service] [nio-8082-exec-3] c.b.search.service.BibleSearchService    :   [lxx] Nehemiah: 392 verses (total 12510)
2026-05-29T07:18:57.670+08:00  INFO 9616 --- [bible-search-service] [nio-8082-exec-3] c.b.search.service.BibleSearchService    :   [lxx] Esther: 164 verses (total 12674)
2026-05-29T07:18:57.978+08:00  INFO 9616 --- [bible-search-service] [nio-8082-exec-3] c.b.search.service.BibleSearchService    :   [lxx] Job: 1069 verses (total 13743)
2026-05-29T07:18:58.869+08:00  INFO 9616 --- [bible-search-service] [nio-8082-exec-3] c.b.search.service.BibleSearchService    :   [lxx] Psalms: 2533 verses (total 16276)
2026-05-29T07:18:59.012+08:00  INFO 9616 --- [bible-search-service] [nio-8082-exec-3] c.b.search.service.BibleSearchService    :   [lxx] Proverbs: 891 verses (total 17167)
2026-05-29T07:18:59.058+08:00  INFO 9616 --- [bible-search-service] [nio-8082-exec-3] c.b.search.service.BibleSearchService    :   [lxx] Ecclesiastes: 222 verses (total 17389)
2026-05-29T07:18:59.082+08:00  INFO 9616 --- [bible-search-service] [nio-8082-exec-3] c.b.search.service.BibleSearchService    :   [lxx] Song of Solomon: 117 verses (total 17506)
2026-05-29T07:18:59.324+08:00  INFO 9616 --- [bible-search-service] [nio-8082-exec-3] c.b.search.service.BibleSearchService    :   [lxx] Isaiah: 1289 verses (total 18795)
2026-05-29T07:18:59.581+08:00  INFO 9616 --- [bible-search-service] [nio-8082-exec-3] c.b.search.service.BibleSearchService    :   [lxx] Jeremiah: 1298 verses (total 20093)
2026-05-29T07:18:59.602+08:00  INFO 9616 --- [bible-search-service] [nio-8082-exec-3] c.b.search.service.BibleSearchService    :   [lxx] Lamentations: 150 verses (total 20243)
2026-05-29T07:18:59.805+08:00  INFO 9616 --- [bible-search-service] [nio-8082-exec-3] c.b.search.service.BibleSearchService    :   [lxx] Ezekiel: 1267 verses (total 21510)
2026-05-29T07:18:59.883+08:00  INFO 9616 --- [bible-search-service] [nio-8082-exec-3] c.b.search.service.BibleSearchService    :   [lxx] Daniel: 424 verses (total 21934)
2026-05-29T07:18:59.924+08:00  INFO 9616 --- [bible-search-service] [nio-8082-exec-3] c.b.search.service.BibleSearchService    :   [lxx] Hosea: 197 verses (total 22131)
2026-05-29T07:18:59.937+08:00  INFO 9616 --- [bible-search-service] [nio-8082-exec-3] c.b.search.service.BibleSearchService    :   [lxx] Joel: 73 verses (total 22204)
2026-05-29T07:19:00.030+08:00  INFO 9616 --- [bible-search-service] [nio-8082-exec-3] c.b.search.service.BibleSearchService    :   [lxx] Amos: 146 verses (total 22350)
2026-05-29T07:19:00.034+08:00  INFO 9616 --- [bible-search-service] [nio-8082-exec-3] c.b.search.service.BibleSearchService    :   [lxx] Obadiah: 21 verses (total 22371)
2026-05-29T07:19:00.056+08:00  INFO 9616 --- [bible-search-service] [nio-8082-exec-3] c.b.search.service.BibleSearchService    :   [lxx] Jonah: 48 verses (total 22419)
2026-05-29T07:19:00.083+08:00  INFO 9616 --- [bible-search-service] [nio-8082-exec-3] c.b.search.service.BibleSearchService    :   [lxx] Micah: 105 verses (total 22524)
2026-05-29T07:19:00.096+08:00  INFO 9616 --- [bible-search-service] [nio-8082-exec-3] c.b.search.service.BibleSearchService    :   [lxx] Nahum: 47 verses (total 22571)
2026-05-29T07:19:00.110+08:00  INFO 9616 --- [bible-search-service] [nio-8082-exec-3] c.b.search.service.BibleSearchService    :   [lxx] Habakkuk: 56 verses (total 22627)
2026-05-29T07:19:00.120+08:00  INFO 9616 --- [bible-search-service] [nio-8082-exec-3] c.b.search.service.BibleSearchService    :   [lxx] Zephaniah: 53 verses (total 22680)
2026-05-29T07:19:00.127+08:00  INFO 9616 --- [bible-search-service] [nio-8082-exec-3] c.b.search.service.BibleSearchService    :   [lxx] Haggai: 38 verses (total 22718)
2026-05-29T07:19:00.175+08:00  INFO 9616 --- [bible-search-service] [nio-8082-exec-3] c.b.search.service.BibleSearchService    :   [lxx] Zechariah: 211 verses (total 22929)
2026-05-29T07:19:00.190+08:00  INFO 9616 --- [bible-search-service] [nio-8082-exec-3] c.b.search.service.BibleSearchService    :   [lxx] Malachi: 55 verses (total 22984)
2026-05-29T07:19:00.258+08:00  INFO 9616 --- [bible-search-service] [nio-8082-exec-3] c.b.search.service.BibleSearchService    :   [lxx] Matthew: 0 verses (total 22984)
2026-05-29T07:19:00.295+08:00  INFO 9616 --- [bible-search-service] [nio-8082-exec-3] c.b.search.service.BibleSearchService    :   [lxx] Mark: 0 verses (total 22984)
2026-05-29T07:19:00.348+08:00  INFO 9616 --- [bible-search-service] [nio-8082-exec-3] c.b.search.service.BibleSearchService    :   [lxx] Luke: 0 verses (total 22984)
2026-05-29T07:19:00.416+08:00  INFO 9616 --- [bible-search-service] [nio-8082-exec-3] c.b.search.service.BibleSearchService    :   [lxx] John: 0 verses (total 22984)
2026-05-29T07:19:00.509+08:00  INFO 9616 --- [bible-search-service] [nio-8082-exec-3] c.b.search.service.BibleSearchService    :   [lxx] Acts: 0 verses (total 22984)
2026-05-29T07:19:00.564+08:00  INFO 9616 --- [bible-search-service] [nio-8082-exec-3] c.b.search.service.BibleSearchService    :   [lxx] Romans: 0 verses (total 22984)
2026-05-29T07:19:00.615+08:00  INFO 9616 --- [bible-search-service] [nio-8082-exec-3] c.b.search.service.BibleSearchService    :   [lxx] I Corinthians: 0 verses (total 22984)
2026-05-29T07:19:00.639+08:00  INFO 9616 --- [bible-search-service] [nio-8082-exec-3] c.b.search.service.BibleSearchService    :   [lxx] II Corinthians: 0 verses (total 22984)
2026-05-29T07:19:00.662+08:00  INFO 9616 --- [bible-search-service] [nio-8082-exec-3] c.b.search.service.BibleSearchService    :   [lxx] Galatians: 0 verses (total 22984)
2026-05-29T07:19:00.676+08:00  INFO 9616 --- [bible-search-service] [nio-8082-exec-3] c.b.search.service.BibleSearchService    :   [lxx] Ephesians: 0 verses (total 22984)
2026-05-29T07:19:00.684+08:00  INFO 9616 --- [bible-search-service] [nio-8082-exec-3] c.b.search.service.BibleSearchService    :   [lxx] Philippians: 0 verses (total 22984)
2026-05-29T07:19:00.693+08:00  INFO 9616 --- [bible-search-service] [nio-8082-exec-3] c.b.search.service.BibleSearchService    :   [lxx] Colossians: 0 verses (total 22984)
2026-05-29T07:19:00.704+08:00  INFO 9616 --- [bible-search-service] [nio-8082-exec-3] c.b.search.service.BibleSearchService    :   [lxx] I Thessalonians: 0 verses (total 22984)
2026-05-29T07:19:00.725+08:00  INFO 9616 --- [bible-search-service] [nio-8082-exec-3] c.b.search.service.BibleSearchService    :   [lxx] II Thessalonians: 0 verses (total 22984)
2026-05-29T07:19:00.738+08:00  INFO 9616 --- [bible-search-service] [nio-8082-exec-3] c.b.search.service.BibleSearchService    :   [lxx] I Timothy: 0 verses (total 22984)
2026-05-29T07:19:00.747+08:00  INFO 9616 --- [bible-search-service] [nio-8082-exec-3] c.b.search.service.BibleSearchService    :   [lxx] II Timothy: 0 verses (total 22984)
2026-05-29T07:19:00.753+08:00  INFO 9616 --- [bible-search-service] [nio-8082-exec-3] c.b.search.service.BibleSearchService    :   [lxx] Titus: 0 verses (total 22984)
2026-05-29T07:19:00.755+08:00  INFO 9616 --- [bible-search-service] [nio-8082-exec-3] c.b.search.service.BibleSearchService    :   [lxx] Philemon: 0 verses (total 22984)
2026-05-29T07:19:00.804+08:00  INFO 9616 --- [bible-search-service] [nio-8082-exec-3] c.b.search.service.BibleSearchService    :   [lxx] Hebrews: 0 verses (total 22984)
2026-05-29T07:19:00.813+08:00  INFO 9616 --- [bible-search-service] [nio-8082-exec-3] c.b.search.service.BibleSearchService    :   [lxx] James: 0 verses (total 22984)
2026-05-29T07:19:00.828+08:00  INFO 9616 --- [bible-search-service] [nio-8082-exec-3] c.b.search.service.BibleSearchService    :   [lxx] I Peter: 0 verses (total 22984)
2026-05-29T07:19:00.836+08:00  INFO 9616 --- [bible-search-service] [nio-8082-exec-3] c.b.search.service.BibleSearchService    :   [lxx] II Peter: 0 verses (total 22984)
2026-05-29T07:19:00.844+08:00  INFO 9616 --- [bible-search-service] [nio-8082-exec-3] c.b.search.service.BibleSearchService    :   [lxx] I John: 0 verses (total 22984)
2026-05-29T07:19:00.846+08:00  INFO 9616 --- [bible-search-service] [nio-8082-exec-3] c.b.search.service.BibleSearchService    :   [lxx] II John: 0 verses (total 22984)
2026-05-29T07:19:00.852+08:00  INFO 9616 --- [bible-search-service] [nio-8082-exec-3] c.b.search.service.BibleSearchService    :   [lxx] III John: 0 verses (total 22984)
2026-05-29T07:19:00.855+08:00  INFO 9616 --- [bible-search-service] [nio-8082-exec-3] c.b.search.service.BibleSearchService    :   [lxx] Jude: 0 verses (total 22984)
2026-05-29T07:19:00.899+08:00  INFO 9616 --- [bible-search-service] [nio-8082-exec-3] c.b.search.service.BibleSearchService    :   [lxx] Revelation of John: 0 verses (total 22984)
2026-05-29T07:19:00.921+08:00  INFO 9616 --- [bible-search-service] [nio-8082-exec-3] c.b.search.service.BibleSearchService    :   [lxx] Baruch: 141 verses (total 23125)
2026-05-29T07:19:00.933+08:00  INFO 9616 --- [bible-search-service] [nio-8082-exec-3] c.b.search.service.BibleSearchService    :   [lxx] Bel and the Dragon: 42 verses (total 23167)
2026-05-29T07:19:00.940+08:00  INFO 9616 --- [bible-search-service] [nio-8082-exec-3] c.b.search.service.BibleSearchService    :   [lxx] Epistle of Jeremiah: 72 verses (total 23239)
2026-05-29T07:19:01.277+08:00  INFO 9616 --- [bible-search-service] [nio-8082-exec-3] c.b.search.service.BibleSearchService    :   [lxx] I Enoch: 0 verses (total 23239)
2026-05-29T07:19:01.556+08:00  INFO 9616 --- [bible-search-service] [nio-8082-exec-3] c.b.search.service.BibleSearchService    :   [lxx] I Esdras: 434 verses (total 23673)
2026-05-29T07:19:01.700+08:00  INFO 9616 --- [bible-search-service] [nio-8082-exec-3] c.b.search.service.BibleSearchService    :   [lxx] I Maccabees: 924 verses (total 24597)
2026-05-29T07:19:01.837+08:00  INFO 9616 --- [bible-search-service] [nio-8082-exec-3] c.b.search.service.BibleSearchService    :   [lxx] II Maccabees: 555 verses (total 25152)
2026-05-29T07:19:01.867+08:00  INFO 9616 --- [bible-search-service] [nio-8082-exec-3] c.b.search.service.BibleSearchService    :   [lxx] III Maccabees: 228 verses (total 25380)
2026-05-29T07:19:01.968+08:00  INFO 9616 --- [bible-search-service] [nio-8082-exec-3] c.b.search.service.BibleSearchService    :   [lxx] IV Maccabees: 479 verses (total 25859)
2026-05-29T07:19:02.039+08:00  INFO 9616 --- [bible-search-service] [nio-8082-exec-3] c.b.search.service.BibleSearchService    :   [lxx] Judith: 340 verses (total 26199)
2026-05-29T07:19:02.084+08:00  INFO 9616 --- [bible-search-service] [nio-8082-exec-3] c.b.search.service.BibleSearchService    :   [lxx] Odes: 275 verses (total 26474)
2026-05-29T07:19:02.088+08:00  INFO 9616 --- [bible-search-service] [nio-8082-exec-3] c.b.search.service.BibleSearchService    :   [lxx] Prayer of Azariah: 0 verses (total 26474)
2026-05-29T07:19:02.092+08:00  INFO 9616 --- [bible-search-service] [nio-8082-exec-3] c.b.search.service.BibleSearchService    :   [lxx] Prayer of Manasses: 0 verses (total 26474)
2026-05-29T07:19:02.175+08:00  INFO 9616 --- [bible-search-service] [nio-8082-exec-3] c.b.search.service.BibleSearchService    :   [lxx] Psalms of Solomon: 293 verses (total 26767)
2026-05-29T07:19:02.316+08:00  INFO 9616 --- [bible-search-service] [nio-8082-exec-3] c.b.search.service.BibleSearchService    :   [lxx] Sirach: 1366 verses (total 28133)
2026-05-29T07:19:02.322+08:00  INFO 9616 --- [bible-search-service] [nio-8082-exec-3] c.b.search.service.BibleSearchService    :   [lxx] Susanna: 64 verses (total 28197)
2026-05-29T07:19:02.370+08:00  INFO 9616 --- [bible-search-service] [nio-8082-exec-3] c.b.search.service.BibleSearchService    :   [lxx] Tobit: 248 verses (total 28445)
2026-05-29T07:19:02.441+08:00  INFO 9616 --- [bible-search-service] [nio-8082-exec-3] c.b.search.service.BibleSearchService    :   [lxx] Wisdom: 435 verses (total 28880)
2026-05-29T07:19:05.610+08:00  INFO 9616 --- [bible-search-service] [nio-8082-exec-3] c.b.search.service.BibleSearchService    : 索引构建完成: lxx, 共 28880 节经文, 耗时 14s
2026-05-29T07:19:25.858+08:00  INFO 9616 --- [bible-search-service] [nio-8082-exec-4] c.b.search.service.BibleSearchService    : 译本 byz: 共 66 卷书，开始索引...
2026-05-29T07:19:26.016+08:00  INFO 9616 --- [bible-search-service] [nio-8082-exec-4] c.b.search.service.BibleSearchService    :   [byz] Genesis: 0 verses (total 0)
2026-05-29T07:19:26.112+08:00  INFO 9616 --- [bible-search-service] [nio-8082-exec-4] c.b.search.service.BibleSearchService    :   [byz] Exodus: 0 verses (total 0)
2026-05-29T07:19:26.179+08:00  INFO 9616 --- [bible-search-service] [nio-8082-exec-4] c.b.search.service.BibleSearchService    :   [byz] Leviticus: 0 verses (total 0)
2026-05-29T07:19:26.276+08:00  INFO 9616 --- [bible-search-service] [nio-8082-exec-4] c.b.search.service.BibleSearchService    :   [byz] Numbers: 0 verses (total 0)
2026-05-29T07:19:26.347+08:00  INFO 9616 --- [bible-search-service] [nio-8082-exec-4] c.b.search.service.BibleSearchService    :   [byz] Deuteronomy: 0 verses (total 0)
2026-05-29T07:19:26.384+08:00  INFO 9616 --- [bible-search-service] [nio-8082-exec-4] c.b.search.service.BibleSearchService    :   [byz] Joshua: 0 verses (total 0)
2026-05-29T07:19:26.416+08:00  INFO 9616 --- [bible-search-service] [nio-8082-exec-4] c.b.search.service.BibleSearchService    :   [byz] Judges: 0 verses (total 0)
2026-05-29T07:19:26.422+08:00  INFO 9616 --- [bible-search-service] [nio-8082-exec-4] c.b.search.service.BibleSearchService    :   [byz] Ruth: 0 verses (total 0)
2026-05-29T07:19:26.468+08:00  INFO 9616 --- [bible-search-service] [nio-8082-exec-4] c.b.search.service.BibleSearchService    :   [byz] I Samuel: 0 verses (total 0)
2026-05-29T07:19:26.507+08:00  INFO 9616 --- [bible-search-service] [nio-8082-exec-4] c.b.search.service.BibleSearchService    :   [byz] II Samuel: 0 verses (total 0)
2026-05-29T07:19:26.543+08:00  INFO 9616 --- [bible-search-service] [nio-8082-exec-4] c.b.search.service.BibleSearchService    :   [byz] I Kings: 0 verses (total 0)
2026-05-29T07:19:26.576+08:00  INFO 9616 --- [bible-search-service] [nio-8082-exec-4] c.b.search.service.BibleSearchService    :   [byz] II Kings: 0 verses (total 0)
2026-05-29T07:19:26.618+08:00  INFO 9616 --- [bible-search-service] [nio-8082-exec-4] c.b.search.service.BibleSearchService    :   [byz] I Chronicles: 0 verses (total 0)
2026-05-29T07:19:26.681+08:00  INFO 9616 --- [bible-search-service] [nio-8082-exec-4] c.b.search.service.BibleSearchService    :   [byz] II Chronicles: 0 verses (total 0)
2026-05-29T07:19:26.697+08:00  INFO 9616 --- [bible-search-service] [nio-8082-exec-4] c.b.search.service.BibleSearchService    :   [byz] Ezra: 0 verses (total 0)
2026-05-29T07:19:26.722+08:00  INFO 9616 --- [bible-search-service] [nio-8082-exec-4] c.b.search.service.BibleSearchService    :   [byz] Nehemiah: 0 verses (total 0)
2026-05-29T07:19:26.738+08:00  INFO 9616 --- [bible-search-service] [nio-8082-exec-4] c.b.search.service.BibleSearchService    :   [byz] Esther: 0 verses (total 0)
2026-05-29T07:19:26.798+08:00  INFO 9616 --- [bible-search-service] [nio-8082-exec-4] c.b.search.service.BibleSearchService    :   [byz] Job: 0 verses (total 0)
2026-05-29T07:19:27.060+08:00  INFO 9616 --- [bible-search-service] [nio-8082-exec-4] c.b.search.service.BibleSearchService    :   [byz] Psalms: 0 verses (total 0)
2026-05-29T07:19:27.135+08:00  INFO 9616 --- [bible-search-service] [nio-8082-exec-4] c.b.search.service.BibleSearchService    :   [byz] Proverbs: 0 verses (total 0)
2026-05-29T07:19:27.157+08:00  INFO 9616 --- [bible-search-service] [nio-8082-exec-4] c.b.search.service.BibleSearchService    :   [byz] Ecclesiastes: 0 verses (total 0)
2026-05-29T07:19:27.169+08:00  INFO 9616 --- [bible-search-service] [nio-8082-exec-4] c.b.search.service.BibleSearchService    :   [byz] Song of Solomon: 0 verses (total 0)
2026-05-29T07:19:27.335+08:00  INFO 9616 --- [bible-search-service] [nio-8082-exec-4] c.b.search.service.BibleSearchService    :   [byz] Isaiah: 0 verses (total 0)
2026-05-29T07:19:27.479+08:00  INFO 9616 --- [bible-search-service] [nio-8082-exec-4] c.b.search.service.BibleSearchService    :   [byz] Jeremiah: 0 verses (total 0)
2026-05-29T07:19:27.488+08:00  INFO 9616 --- [bible-search-service] [nio-8082-exec-4] c.b.search.service.BibleSearchService    :   [byz] Lamentations: 0 verses (total 0)
2026-05-29T07:19:27.571+08:00  INFO 9616 --- [bible-search-service] [nio-8082-exec-4] c.b.search.service.BibleSearchService    :   [byz] Ezekiel: 0 verses (total 0)
2026-05-29T07:19:27.590+08:00  INFO 9616 --- [bible-search-service] [nio-8082-exec-4] c.b.search.service.BibleSearchService    :   [byz] Daniel: 0 verses (total 0)
2026-05-29T07:19:27.617+08:00  INFO 9616 --- [bible-search-service] [nio-8082-exec-4] c.b.search.service.BibleSearchService    :   [byz] Hosea: 0 verses (total 0)
2026-05-29T07:19:27.624+08:00  INFO 9616 --- [bible-search-service] [nio-8082-exec-4] c.b.search.service.BibleSearchService    :   [byz] Joel: 0 verses (total 0)
2026-05-29T07:19:27.640+08:00  INFO 9616 --- [bible-search-service] [nio-8082-exec-4] c.b.search.service.BibleSearchService    :   [byz] Amos: 0 verses (total 0)
2026-05-29T07:19:27.643+08:00  INFO 9616 --- [bible-search-service] [nio-8082-exec-4] c.b.search.service.BibleSearchService    :   [byz] Obadiah: 0 verses (total 0)
2026-05-29T07:19:27.651+08:00  INFO 9616 --- [bible-search-service] [nio-8082-exec-4] c.b.search.service.BibleSearchService    :   [byz] Jonah: 0 verses (total 0)
2026-05-29T07:19:27.665+08:00  INFO 9616 --- [bible-search-service] [nio-8082-exec-4] c.b.search.service.BibleSearchService    :   [byz] Micah: 0 verses (total 0)
2026-05-29T07:19:27.670+08:00  INFO 9616 --- [bible-search-service] [nio-8082-exec-4] c.b.search.service.BibleSearchService    :   [byz] Nahum: 0 verses (total 0)
2026-05-29T07:19:27.676+08:00  INFO 9616 --- [bible-search-service] [nio-8082-exec-4] c.b.search.service.BibleSearchService    :   [byz] Habakkuk: 0 verses (total 0)
2026-05-29T07:19:27.686+08:00  INFO 9616 --- [bible-search-service] [nio-8082-exec-4] c.b.search.service.BibleSearchService    :   [byz] Zephaniah: 0 verses (total 0)
2026-05-29T07:19:27.691+08:00  INFO 9616 --- [bible-search-service] [nio-8082-exec-4] c.b.search.service.BibleSearchService    :   [byz] Haggai: 0 verses (total 0)
2026-05-29T07:19:27.730+08:00  INFO 9616 --- [bible-search-service] [nio-8082-exec-4] c.b.search.service.BibleSearchService    :   [byz] Zechariah: 0 verses (total 0)
2026-05-29T07:19:27.736+08:00  INFO 9616 --- [bible-search-service] [nio-8082-exec-4] c.b.search.service.BibleSearchService    :   [byz] Malachi: 0 verses (total 0)
2026-05-29T07:19:28.624+08:00  INFO 9616 --- [bible-search-service] [nio-8082-exec-4] c.b.search.service.BibleSearchService    :   [byz] Matthew: 1071 verses (total 1071)
2026-05-29T07:19:28.865+08:00  INFO 9616 --- [bible-search-service] [nio-8082-exec-4] c.b.search.service.BibleSearchService    :   [byz] Mark: 678 verses (total 1749)
2026-05-29T07:19:29.045+08:00  INFO 9616 --- [bible-search-service] [nio-8082-exec-4] c.b.search.service.BibleSearchService    :   [byz] Luke: 1150 verses (total 2899)
2026-05-29T07:19:29.184+08:00  INFO 9616 --- [bible-search-service] [nio-8082-exec-4] c.b.search.service.BibleSearchService    :   [byz] John: 878 verses (total 3777)
2026-05-29T07:19:29.288+08:00  INFO 9616 --- [bible-search-service] [nio-8082-exec-4] c.b.search.service.BibleSearchService    :   [byz] Acts: 1004 verses (total 4781)
2026-05-29T07:19:29.359+08:00  INFO 9616 --- [bible-search-service] [nio-8082-exec-4] c.b.search.service.BibleSearchService    :   [byz] Romans: 430 verses (total 5211)
2026-05-29T07:19:29.399+08:00  INFO 9616 --- [bible-search-service] [nio-8082-exec-4] c.b.search.service.BibleSearchService    :   [byz] I Corinthians: 437 verses (total 5648)
2026-05-29T07:19:29.451+08:00  INFO 9616 --- [bible-search-service] [nio-8082-exec-4] c.b.search.service.BibleSearchService    :   [byz] II Corinthians: 257 verses (total 5905)
2026-05-29T07:19:29.468+08:00  INFO 9616 --- [bible-search-service] [nio-8082-exec-4] c.b.search.service.BibleSearchService    :   [byz] Galatians: 149 verses (total 6054)
2026-05-29T07:19:29.487+08:00  INFO 9616 --- [bible-search-service] [nio-8082-exec-4] c.b.search.service.BibleSearchService    :   [byz] Ephesians: 155 verses (total 6209)
2026-05-29T07:19:29.513+08:00  INFO 9616 --- [bible-search-service] [nio-8082-exec-4] c.b.search.service.BibleSearchService    :   [byz] Philippians: 104 verses (total 6313)
2026-05-29T07:19:29.531+08:00  INFO 9616 --- [bible-search-service] [nio-8082-exec-4] c.b.search.service.BibleSearchService    :   [byz] Colossians: 95 verses (total 6408)
2026-05-29T07:19:29.546+08:00  INFO 9616 --- [bible-search-service] [nio-8082-exec-4] c.b.search.service.BibleSearchService    :   [byz] I Thessalonians: 89 verses (total 6497)
2026-05-29T07:19:29.564+08:00  INFO 9616 --- [bible-search-service] [nio-8082-exec-4] c.b.search.service.BibleSearchService    :   [byz] II Thessalonians: 47 verses (total 6544)
2026-05-29T07:19:29.581+08:00  INFO 9616 --- [bible-search-service] [nio-8082-exec-4] c.b.search.service.BibleSearchService    :   [byz] I Timothy: 113 verses (total 6657)
2026-05-29T07:19:29.590+08:00  INFO 9616 --- [bible-search-service] [nio-8082-exec-4] c.b.search.service.BibleSearchService    :   [byz] II Timothy: 83 verses (total 6740)
2026-05-29T07:19:29.600+08:00  INFO 9616 --- [bible-search-service] [nio-8082-exec-4] c.b.search.service.BibleSearchService    :   [byz] Titus: 46 verses (total 6786)
2026-05-29T07:19:29.603+08:00  INFO 9616 --- [bible-search-service] [nio-8082-exec-4] c.b.search.service.BibleSearchService    :   [byz] Philemon: 25 verses (total 6811)
2026-05-29T07:19:29.640+08:00  INFO 9616 --- [bible-search-service] [nio-8082-exec-4] c.b.search.service.BibleSearchService    :   [byz] Hebrews: 303 verses (total 7114)
2026-05-29T07:19:29.651+08:00  INFO 9616 --- [bible-search-service] [nio-8082-exec-4] c.b.search.service.BibleSearchService    :   [byz] James: 108 verses (total 7222)
2026-05-29T07:19:29.666+08:00  INFO 9616 --- [bible-search-service] [nio-8082-exec-4] c.b.search.service.BibleSearchService    :   [byz] I Peter: 105 verses (total 7327)
2026-05-29T07:19:29.680+08:00  INFO 9616 --- [bible-search-service] [nio-8082-exec-4] c.b.search.service.BibleSearchService    :   [byz] II Peter: 61 verses (total 7388)
2026-05-29T07:19:29.701+08:00  INFO 9616 --- [bible-search-service] [nio-8082-exec-4] c.b.search.service.BibleSearchService    :   [byz] I John: 105 verses (total 7493)
2026-05-29T07:19:29.703+08:00  INFO 9616 --- [bible-search-service] [nio-8082-exec-4] c.b.search.service.BibleSearchService    :   [byz] II John: 13 verses (total 7506)
2026-05-29T07:19:29.706+08:00  INFO 9616 --- [bible-search-service] [nio-8082-exec-4] c.b.search.service.BibleSearchService    :   [byz] III John: 14 verses (total 7520)
2026-05-29T07:19:29.711+08:00  INFO 9616 --- [bible-search-service] [nio-8082-exec-4] c.b.search.service.BibleSearchService    :   [byz] Jude: 25 verses (total 7545)
2026-05-29T07:19:29.786+08:00  INFO 9616 --- [bible-search-service] [nio-8082-exec-4] c.b.search.service.BibleSearchService    :   [byz] Revelation of John: 404 verses (total 7949)
2026-05-29T07:19:31.102+08:00  INFO 9616 --- [bible-search-service] [nio-8082-exec-4] c.b.search.service.BibleSearchService    : 索引构建完成: byz, 共 7949 节经文, 耗时 5s
2026-05-29T09:30:14.750+08:00  INFO 9616 --- [bible-search-service] [nio-8082-exec-1] c.b.search.service.BibleSearchService    : 译本 oshb: 共 39 卷书，开始索引...
2026-05-29T09:30:17.503+08:00  INFO 9616 --- [bible-search-service] [nio-8082-exec-1] c.b.search.service.BibleSearchService    :   [oshb] Genesis: 1533 verses (total 1533)
2026-05-29T09:30:18.834+08:00  INFO 9616 --- [bible-search-service] [nio-8082-exec-1] c.b.search.service.BibleSearchService    :   [oshb] Exodus: 1213 verses (total 2746)
2026-05-29T09:30:19.590+08:00  INFO 9616 --- [bible-search-service] [nio-8082-exec-1] c.b.search.service.BibleSearchService    :   [oshb] Leviticus: 859 verses (total 3605)
2026-05-29T09:30:20.412+08:00  INFO 9616 --- [bible-search-service] [nio-8082-exec-1] c.b.search.service.BibleSearchService    :   [oshb] Numbers: 1289 verses (total 4894)
2026-05-29T09:30:21.357+08:00  INFO 9616 --- [bible-search-service] [nio-8082-exec-1] c.b.search.service.BibleSearchService    :   [oshb] Deuteronomy: 959 verses (total 5853)
2026-05-29T09:30:21.931+08:00  INFO 9616 --- [bible-search-service] [nio-8082-exec-1] c.b.search.service.BibleSearchService    :   [oshb] Joshua: 658 verses (total 6511)
2026-05-29T09:30:22.485+08:00  INFO 9616 --- [bible-search-service] [nio-8082-exec-1] c.b.search.service.BibleSearchService    :   [oshb] Judges: 618 verses (total 7129)
2026-05-29T09:30:22.623+08:00  INFO 9616 --- [bible-search-service] [nio-8082-exec-1] c.b.search.service.BibleSearchService    :   [oshb] Ruth: 85 verses (total 7214)
2026-05-29T09:30:23.687+08:00  INFO 9616 --- [bible-search-service] [nio-8082-exec-1] c.b.search.service.BibleSearchService    :   [oshb] 1 Samuel: 811 verses (total 8025)
2026-05-29T09:30:24.333+08:00  INFO 9616 --- [bible-search-service] [nio-8082-exec-1] c.b.search.service.BibleSearchService    :   [oshb] 2 Samuel: 695 verses (total 8720)
2026-05-29T09:30:24.865+08:00  INFO 9616 --- [bible-search-service] [nio-8082-exec-1] c.b.search.service.BibleSearchService    :   [oshb] 1 Kings: 817 verses (total 9537)
2026-05-29T09:30:25.305+08:00  INFO 9616 --- [bible-search-service] [nio-8082-exec-1] c.b.search.service.BibleSearchService    :   [oshb] 2 Kings: 719 verses (total 10256)
2026-05-29T09:30:25.826+08:00  INFO 9616 --- [bible-search-service] [nio-8082-exec-1] c.b.search.service.BibleSearchService    :   [oshb] 1 Chronicles: 943 verses (total 11199)
2026-05-29T09:30:26.439+08:00  INFO 9616 --- [bible-search-service] [nio-8082-exec-1] c.b.search.service.BibleSearchService    :   [oshb] 2 Chronicles: 822 verses (total 12021)
2026-05-29T09:30:26.579+08:00  INFO 9616 --- [bible-search-service] [nio-8082-exec-1] c.b.search.service.BibleSearchService    :   [oshb] Ezra: 280 verses (total 12301)
2026-05-29T09:30:26.774+08:00  INFO 9616 --- [bible-search-service] [nio-8082-exec-1] c.b.search.service.BibleSearchService    :   [oshb] Nehemiah: 405 verses (total 12706)
2026-05-29T09:30:26.973+08:00  INFO 9616 --- [bible-search-service] [nio-8082-exec-1] c.b.search.service.BibleSearchService    :   [oshb] Esther: 167 verses (total 12873)
2026-05-29T09:30:27.965+08:00  INFO 9616 --- [bible-search-service] [nio-8082-exec-1] c.b.search.service.BibleSearchService    :   [oshb] Job: 1070 verses (total 13943)
2026-05-29T09:30:29.923+08:00  INFO 9616 --- [bible-search-service] [nio-8082-exec-1] c.b.search.service.BibleSearchService    :   [oshb] Psalms: 2527 verses (total 16470)
2026-05-29T09:30:30.596+08:00  INFO 9616 --- [bible-search-service] [nio-8082-exec-1] c.b.search.service.BibleSearchService    :   [oshb] Proverbs: 915 verses (total 17385)
2026-05-29T09:30:30.871+08:00  INFO 9616 --- [bible-search-service] [nio-8082-exec-1] c.b.search.service.BibleSearchService    :   [oshb] Ecclesiastes: 222 verses (total 17607)
2026-05-29T09:30:31.020+08:00  INFO 9616 --- [bible-search-service] [nio-8082-exec-1] c.b.search.service.BibleSearchService    :   [oshb] Song of Solomon: 117 verses (total 17724)
2026-05-29T09:30:32.813+08:00  INFO 9616 --- [bible-search-service] [nio-8082-exec-1] c.b.search.service.BibleSearchService    :   [oshb] Isaiah: 1291 verses (total 19015)
2026-05-29T09:30:33.888+08:00  INFO 9616 --- [bible-search-service] [nio-8082-exec-1] c.b.search.service.BibleSearchService    :   [oshb] Jeremiah: 1364 verses (total 20379)
2026-05-29T09:30:33.945+08:00  INFO 9616 --- [bible-search-service] [nio-8082-exec-1] c.b.search.service.BibleSearchService    :   [oshb] Lamentations: 154 verses (total 20533)
2026-05-29T09:30:34.735+08:00  INFO 9616 --- [bible-search-service] [nio-8082-exec-1] c.b.search.service.BibleSearchService    :   [oshb] Ezekiel: 1273 verses (total 21806)
2026-05-29T09:30:34.920+08:00  INFO 9616 --- [bible-search-service] [nio-8082-exec-1] c.b.search.service.BibleSearchService    :   [oshb] Daniel: 357 verses (total 22163)
2026-05-29T09:30:35.089+08:00  INFO 9616 --- [bible-search-service] [nio-8082-exec-1] c.b.search.service.BibleSearchService    :   [oshb] Hosea: 197 verses (total 22360)
2026-05-29T09:30:35.133+08:00  INFO 9616 --- [bible-search-service] [nio-8082-exec-1] c.b.search.service.BibleSearchService    :   [oshb] Joel: 73 verses (total 22433)
2026-05-29T09:30:35.264+08:00  INFO 9616 --- [bible-search-service] [nio-8082-exec-1] c.b.search.service.BibleSearchService    :   [oshb] Amos: 146 verses (total 22579)
2026-05-29T09:30:35.276+08:00  INFO 9616 --- [bible-search-service] [nio-8082-exec-1] c.b.search.service.BibleSearchService    :   [oshb] Obadiah: 21 verses (total 22600)
2026-05-29T09:30:35.366+08:00  INFO 9616 --- [bible-search-service] [nio-8082-exec-1] c.b.search.service.BibleSearchService    :   [oshb] Jonah: 48 verses (total 22648)
2026-05-29T09:30:35.503+08:00  INFO 9616 --- [bible-search-service] [nio-8082-exec-1] c.b.search.service.BibleSearchService    :   [oshb] Micah: 105 verses (total 22753)
2026-05-29T09:30:35.534+08:00  INFO 9616 --- [bible-search-service] [nio-8082-exec-1] c.b.search.service.BibleSearchService    :   [oshb] Nahum: 47 verses (total 22800)
2026-05-29T09:30:35.639+08:00  INFO 9616 --- [bible-search-service] [nio-8082-exec-1] c.b.search.service.BibleSearchService    :   [oshb] Habakkuk: 56 verses (total 22856)
2026-05-29T09:30:35.805+08:00  INFO 9616 --- [bible-search-service] [nio-8082-exec-1] c.b.search.service.BibleSearchService    :   [oshb] Zephaniah: 53 verses (total 22909)
2026-05-29T09:30:35.828+08:00  INFO 9616 --- [bible-search-service] [nio-8082-exec-1] c.b.search.service.BibleSearchService    :   [oshb] Haggai: 38 verses (total 22947)
2026-05-29T09:30:36.032+08:00  INFO 9616 --- [bible-search-service] [nio-8082-exec-1] c.b.search.service.BibleSearchService    :   [oshb] Zechariah: 211 verses (total 23158)
2026-05-29T09:30:36.108+08:00  INFO 9616 --- [bible-search-service] [nio-8082-exec-1] c.b.search.service.BibleSearchService    :   [oshb] Malachi: 55 verses (total 23213)
2026-05-29T09:30:39.040+08:00  INFO 9616 --- [bible-search-service] [nio-8082-exec-1] c.b.search.service.BibleSearchService    : 索引构建完成: oshb, 共 23213 节经文, 耗时 24s
