
  .   ____          _            __ _ _
 /\\ / ___'_ __ _ _(_)_ __  __ _ \ \ \ \
( ( )\___ | '_ | '_| | '_ \/ _` | \ \ \ \
 \\/  ___)| |_)| | | | | || (_| |  ) ) ) )
  '  |____| .__|_| |_|_| |_\__, | / / / /
 =========|_|==============|___/=/_/_/_/
 :: Spring Boot ::                (v3.2.2)

2026-05-18T10:38:03.953+08:00  INFO 8100 --- [bible-gateway] [           main] com.bible.gateway.GatewayApplicationKt   : Starting GatewayApplicationKt using Java 17.0.15 with PID 8100 (C:\Users\PC\.qclaw\workspace-v733kxt9elzfv7u1\bible-microservices\bible-gateway\build\libs\bible-gateway.jar started by PC in C:\Users\PC\.qclaw\workspace-v733kxt9elzfv7u1\bible-microservices)
2026-05-18T10:38:03.968+08:00 DEBUG 8100 --- [bible-gateway] [           main] com.bible.gateway.GatewayApplicationKt   : Running with Spring Boot v3.2.2, Spring v6.1.3
2026-05-18T10:38:03.983+08:00  INFO 8100 --- [bible-gateway] [           main] com.bible.gateway.GatewayApplicationKt   : No active profile set, falling back to 1 default profile: "default"
2026-05-18T10:38:21.938+08:00  INFO 8100 --- [bible-gateway] [           main] o.s.cloud.context.scope.GenericScope     : BeanFactory id=4cddf778-ddbb-3ed1-9537-41370d6c1698
2026-05-18T10:38:31.984+08:00  INFO 8100 --- [bible-gateway] [           main] o.s.c.g.r.RouteDefinitionRouteLocator    : Loaded RoutePredicateFactory [After]
2026-05-18T10:38:31.984+08:00  INFO 8100 --- [bible-gateway] [           main] o.s.c.g.r.RouteDefinitionRouteLocator    : Loaded RoutePredicateFactory [Before]
2026-05-18T10:38:31.984+08:00  INFO 8100 --- [bible-gateway] [           main] o.s.c.g.r.RouteDefinitionRouteLocator    : Loaded RoutePredicateFactory [Between]
2026-05-18T10:38:31.984+08:00  INFO 8100 --- [bible-gateway] [           main] o.s.c.g.r.RouteDefinitionRouteLocator    : Loaded RoutePredicateFactory [Cookie]
2026-05-18T10:38:31.984+08:00  INFO 8100 --- [bible-gateway] [           main] o.s.c.g.r.RouteDefinitionRouteLocator    : Loaded RoutePredicateFactory [Header]
2026-05-18T10:38:31.984+08:00  INFO 8100 --- [bible-gateway] [           main] o.s.c.g.r.RouteDefinitionRouteLocator    : Loaded RoutePredicateFactory [Host]
2026-05-18T10:38:31.984+08:00  INFO 8100 --- [bible-gateway] [           main] o.s.c.g.r.RouteDefinitionRouteLocator    : Loaded RoutePredicateFactory [Method]
2026-05-18T10:38:31.984+08:00  INFO 8100 --- [bible-gateway] [           main] o.s.c.g.r.RouteDefinitionRouteLocator    : Loaded RoutePredicateFactory [Path]
2026-05-18T10:38:31.984+08:00  INFO 8100 --- [bible-gateway] [           main] o.s.c.g.r.RouteDefinitionRouteLocator    : Loaded RoutePredicateFactory [Query]
2026-05-18T10:38:31.984+08:00  INFO 8100 --- [bible-gateway] [           main] o.s.c.g.r.RouteDefinitionRouteLocator    : Loaded RoutePredicateFactory [ReadBody]
2026-05-18T10:38:31.984+08:00  INFO 8100 --- [bible-gateway] [           main] o.s.c.g.r.RouteDefinitionRouteLocator    : Loaded RoutePredicateFactory [RemoteAddr]
2026-05-18T10:38:31.996+08:00  INFO 8100 --- [bible-gateway] [           main] o.s.c.g.r.RouteDefinitionRouteLocator    : Loaded RoutePredicateFactory [XForwardedRemoteAddr]
2026-05-18T10:38:31.996+08:00  INFO 8100 --- [bible-gateway] [           main] o.s.c.g.r.RouteDefinitionRouteLocator    : Loaded RoutePredicateFactory [Weight]
2026-05-18T10:38:31.996+08:00  INFO 8100 --- [bible-gateway] [           main] o.s.c.g.r.RouteDefinitionRouteLocator    : Loaded RoutePredicateFactory [CloudFoundryRouteService]
2026-05-18T10:38:34.894+08:00  INFO 8100 --- [bible-gateway] [           main] o.s.b.a.e.web.EndpointLinksResolver      : Exposing 2 endpoint(s) beneath base path '/actuator'
2026-05-18T10:38:39.449+08:00  INFO 8100 --- [bible-gateway] [           main] o.s.b.web.embedded.netty.NettyWebServer  : Netty started on port 8080
2026-05-18T10:38:40.134+08:00  INFO 8100 --- [bible-gateway] [           main] com.bible.gateway.GatewayApplicationKt   : Started GatewayApplicationKt in 45.607 seconds (process running for 52.903)
