
  .   ____          _            __ _ _
 /\\ / ___'_ __ _ _(_)_ __  __ _ \ \ \ \
( ( )\___ | '_ | '_| | '_ \/ _` | \ \ \ \
 \\/  ___)| |_)| | | | | || (_| |  ) ) ) )
  '  |____| .__|_| |_|_| |_\__, | / / / /
 =========|_|==============|___/=/_/_/_/
 :: Spring Boot ::                (v3.2.2)

2026-05-18T10:37:58.880+08:00  INFO 4580 --- [bible-search-service] [           main] c.b.search.SearchServiceApplicationKt    : Starting SearchServiceApplicationKt using Java 17.0.15 with PID 4580 (C:\Users\PC\.qclaw\workspace-v733kxt9elzfv7u1\bible-microservices\bible-search-service\build\libs\bible-search-service.jar started by PC in C:\Users\PC\.qclaw\workspace-v733kxt9elzfv7u1\bible-microservices)
2026-05-18T10:37:58.964+08:00 DEBUG 4580 --- [bible-search-service] [           main] c.b.search.SearchServiceApplicationKt    : Running with Spring Boot v3.2.2, Spring v6.1.3
2026-05-18T10:37:58.969+08:00  INFO 4580 --- [bible-search-service] [           main] c.b.search.SearchServiceApplicationKt    : No active profile set, falling back to 1 default profile: "default"
2026-05-18T10:38:17.042+08:00  INFO 4580 --- [bible-search-service] [           main] o.s.b.w.embedded.tomcat.TomcatWebServer  : Tomcat initialized with port 8082 (http)
2026-05-18T10:38:17.089+08:00  INFO 4580 --- [bible-search-service] [           main] o.apache.catalina.core.StandardService   : Starting service [Tomcat]
2026-05-18T10:38:17.089+08:00  INFO 4580 --- [bible-search-service] [           main] o.apache.catalina.core.StandardEngine    : Starting Servlet engine: [Apache Tomcat/10.1.18]
2026-05-18T10:38:17.321+08:00  INFO 4580 --- [bible-search-service] [           main] o.a.c.c.C.[Tomcat].[localhost].[/]       : Initializing Spring embedded WebApplicationContext
2026-05-18T10:38:17.321+08:00  INFO 4580 --- [bible-search-service] [           main] w.s.c.ServletWebServerApplicationContext : Root WebApplicationContext: initialization completed in 17059 ms
2026-05-18T10:38:28.597+08:00  INFO 4580 --- [bible-search-service] [           main] o.s.b.w.embedded.tomcat.TomcatWebServer  : Tomcat started on port 8082 (http) with context path ''
2026-05-18T10:38:28.673+08:00  INFO 4580 --- [bible-search-service] [           main] c.b.search.SearchServiceApplicationKt    : Started SearchServiceApplicationKt in 35.405 seconds (process running for 41.155)
2026-05-18T10:53:01.170+08:00  INFO 4580 --- [bible-search-service] [nio-8082-exec-2] o.a.c.c.C.[Tomcat].[localhost].[/]       : Initializing Spring DispatcherServlet 'dispatcherServlet'
2026-05-18T10:53:01.171+08:00  INFO 4580 --- [bible-search-service] [nio-8082-exec-2] o.s.web.servlet.DispatcherServlet        : Initializing Servlet 'dispatcherServlet'
2026-05-18T10:53:01.173+08:00  INFO 4580 --- [bible-search-service] [nio-8082-exec-2] o.s.web.servlet.DispatcherServlet        : Completed initialization in 1 ms
