
  .   ____          _            __ _ _
 /\\ / ___'_ __ _ _(_)_ __  __ _ \ \ \ \
( ( )\___ | '_ | '_| | '_ \/ _` | \ \ \ \
 \\/  ___)| |_)| | | | | || (_| |  ) ) ) )
  '  |____| .__|_| |_|_| |_\__, | / / / /
 =========|_|==============|___/=/_/_/_/
 :: Spring Boot ::                (v3.2.2)

08:30:45 INFO  c.b.sword.SwordServiceApplicationKt - Starting SwordServiceApplicationKt using Java 17.0.2 with PID 14640 (C:\Users\PC\.qclaw\workspace-v733kxt9elzfv7u1\bible-microservices\dist\bible-sword-service.jar started by PC in C:\Users\PC\.qclaw\workspace-v733kxt9elzfv7u1\bible-microservices)
08:30:45 DEBUG c.b.sword.SwordServiceApplicationKt - Running with Spring Boot v3.2.2, Spring v6.1.3
08:30:45 INFO  c.b.sword.SwordServiceApplicationKt - No active profile set, falling back to 1 default profile: "default"
08:30:49 INFO  o.s.b.w.e.tomcat.TomcatWebServer - Tomcat initialized with port 8086 (http)
08:30:49 INFO  o.a.catalina.core.StandardService - Starting service [Tomcat]
08:30:49 INFO  o.a.catalina.core.StandardEngine - Starting Servlet engine: [Apache Tomcat/10.1.18]
08:30:49 INFO  o.a.c.c.C.[Tomcat].[localhost].[/] - Initializing Spring embedded WebApplicationContext
08:30:49 INFO  o.s.b.w.s.c.ServletWebServerApplicationContext - Root WebApplicationContext: initialization completed in 3985 ms
08:30:50 INFO  com.bible.sword.config.SwordConfig - Initializing SWORD from base directory: C:\Users\PC\.qclaw\workspace-v733kxt9elzfv7u1\bible-microservices\data\sword-mods
08:30:50 INFO  com.bible.sword.config.SwordConfig - Found 21 module directories: [BSB, Byz, ChiNCVs, ChiUns, Daily, DRC, Easton, Geneva1599, ISBE, KJV, LXX, MorphGNT, Nave, RusSynodal, SBLGNT, SME, SP, StrongsGreek, StrongsHebrew, TR, Vulgate]
08:30:50 ERROR org.crosswire.common.util.MsgBase - Missing resource: Locale=zh_CN name=And Bible package=org.crosswire.jsword.JSMsg
08:30:50 INFO  com.bible.sword.config.SwordConfig - SWORD initialized: 24 modules discovered
08:30:50 INFO  com.bible.sword.config.SwordConfig -   [BIBLE] 16 modules:
08:30:50 INFO  com.bible.sword.config.SwordConfig -     BSB — Berean Standard Bible [Strong's]
08:30:50 INFO  com.bible.sword.config.SwordConfig -     Byz — The New Testament in the Original Greek: Byzantine Textform 2013 [Strong's]
08:30:50 INFO  com.bible.sword.config.SwordConfig -     ChiUn — 和合本 (繁體字) [Strong's]
08:30:50 INFO  com.bible.sword.config.SwordConfig -     ChiUns — 和合本 (简体字) [Strong's]
08:30:50 INFO  com.bible.sword.config.SwordConfig -     DRC — Douay-Rheims Bible, Challoner Revision
08:30:50 INFO  com.bible.sword.config.SwordConfig -     Geneva1599 — Geneva Bible (1599)
08:30:50 INFO  com.bible.sword.config.SwordConfig -     KJV — King James Version (1769) with Strongs Numbers and Morphology  and CatchWords [Strong's]
08:30:50 INFO  com.bible.sword.config.SwordConfig -     LXX — Septuagint, Morphologically Tagged Rahlfs' [Strong's]
08:30:50 INFO  com.bible.sword.config.SwordConfig -     MorphGNT — Morphologically Parsed Greek New Testament based on the SBLGNT [Strong's]
08:30:50 INFO  com.bible.sword.config.SwordConfig -     ChiNCVs — 新译本
08:30:50 INFO  com.bible.sword.config.SwordConfig -     OSHB — Open Scriptures Hebrew Bible [Strong's]
08:30:50 INFO  com.bible.sword.config.SwordConfig -     SBLGNT — The Greek New Testament: SBL Edition
08:30:50 INFO  com.bible.sword.config.SwordConfig -     SP — Samaritan Pentateuch [Strong's]
08:30:50 INFO  com.bible.sword.config.SwordConfig -     RusSynodal — Синодального Перевода Библии
08:30:50 INFO  com.bible.sword.config.SwordConfig -     TR — Textus Receptus (1550/1894) [Strong's]
08:30:50 INFO  com.bible.sword.config.SwordConfig -     Vulgate — Latin Vulgate
08:30:50 INFO  com.bible.sword.config.SwordConfig -   [DICTIONARY] 5 modules:
08:30:50 INFO  com.bible.sword.config.SwordConfig -     Easton — Easton's Bible Dictionary
08:30:50 INFO  com.bible.sword.config.SwordConfig -     ISBE — International Standard Bible Encyclopedia
08:30:50 INFO  com.bible.sword.config.SwordConfig -     Nave — Nave?s Topical Bible
08:30:50 INFO  com.bible.sword.config.SwordConfig -     StrongsGreek — Strong's Greek Bible Dictionary
08:30:50 INFO  com.bible.sword.config.SwordConfig -     StrongsHebrew — Strong's Hebrew Bible Dictionary
08:30:50 INFO  com.bible.sword.config.SwordConfig -   [COMMENTARY] 1 modules:
08:30:50 INFO  com.bible.sword.config.SwordConfig -     MHC — Matthew Henry's Complete Commentary on the Whole Bible
08:30:50 INFO  com.bible.sword.config.SwordConfig -   [DAILY_DEVOTIONS] 2 modules:
08:30:50 INFO  com.bible.sword.config.SwordConfig -     Daily — Jonathan Bagster's Daily Light on the Daily Path
08:30:50 INFO  com.bible.sword.config.SwordConfig -     SME — C. H. Spurgeon's Morning and Evening: Daily Readings
08:30:52 INFO  o.s.b.a.e.web.EndpointLinksResolver - Exposing 4 endpoint(s) beneath base path '/actuator'
08:30:52 WARN  o.s.b.w.s.c.AnnotationConfigServletWebServerApplicationContext - Exception encountered during context initialization - cancelling refresh attempt: org.springframework.context.ApplicationContextException: Failed to start bean 'webServerStartStop'
08:30:52 INFO  o.s.b.a.l.ConditionEvaluationReportLogger - 

Error starting ApplicationContext. To display the condition evaluation report re-run your application with 'debug' enabled.
08:30:52 ERROR o.s.b.d.LoggingFailureAnalysisReporter - 

***************************
APPLICATION FAILED TO START
***************************

Description:

Web server failed to start. Port 8086 was already in use.

Action:

Identify and stop the process that's listening on port 8086 or configure this application to listen on another port.

