
  .   ____          _            __ _ _
 /\\ / ___'_ __ _ _(_)_ __  __ _ \ \ \ \
( ( )\___ | '_ | '_| | '_ \/ _` | \ \ \ \
 \\/  ___)| |_)| | | | | || (_| |  ) ) ) )
  '  |____| .__|_| |_|_| |_\__, | / / / /
 =========|_|==============|___/=/_/_/_/
 :: Spring Boot ::                (v3.2.2)

2026-05-18T10:37:58.936+08:00  INFO 6504 --- [bible-text-service] [           main] c.bible.text.TextServiceApplicationKt    : Starting TextServiceApplicationKt using Java 17.0.15 with PID 6504 (C:\Users\PC\.qclaw\workspace-v733kxt9elzfv7u1\bible-microservices\bible-text-service\build\libs\bible-text-service.jar started by PC in C:\Users\PC\.qclaw\workspace-v733kxt9elzfv7u1\bible-microservices)
2026-05-18T10:37:59.079+08:00 DEBUG 6504 --- [bible-text-service] [           main] c.bible.text.TextServiceApplicationKt    : Running with Spring Boot v3.2.2, Spring v6.1.3
2026-05-18T10:37:59.095+08:00  INFO 6504 --- [bible-text-service] [           main] c.bible.text.TextServiceApplicationKt    : No active profile set, falling back to 1 default profile: "default"
2026-05-18T10:38:12.277+08:00  INFO 6504 --- [bible-text-service] [           main] .s.d.r.c.RepositoryConfigurationDelegate : Bootstrapping Spring Data JPA repositories in DEFAULT mode.
2026-05-18T10:38:12.819+08:00  INFO 6504 --- [bible-text-service] [           main] .s.d.r.c.RepositoryConfigurationDelegate : Finished Spring Data repository scanning in 510 ms. Found 3 JPA repository interfaces.
2026-05-18T10:38:21.607+08:00  INFO 6504 --- [bible-text-service] [           main] o.s.b.w.embedded.tomcat.TomcatWebServer  : Tomcat initialized with port 8081 (http)
2026-05-18T10:38:21.667+08:00  INFO 6504 --- [bible-text-service] [           main] o.apache.catalina.core.StandardService   : Starting service [Tomcat]
2026-05-18T10:38:21.671+08:00  INFO 6504 --- [bible-text-service] [           main] o.apache.catalina.core.StandardEngine    : Starting Servlet engine: [Apache Tomcat/10.1.18]
2026-05-18T10:38:21.888+08:00  INFO 6504 --- [bible-text-service] [           main] o.a.c.c.C.[Tomcat].[localhost].[/]       : Initializing Spring embedded WebApplicationContext
2026-05-18T10:38:21.888+08:00  INFO 6504 --- [bible-text-service] [           main] w.s.c.ServletWebServerApplicationContext : Root WebApplicationContext: initialization completed in 21674 ms
2026-05-18T10:38:22.281+08:00  INFO 6504 --- [bible-text-service] [           main] com.zaxxer.hikari.HikariDataSource       : HikariPool-1 - Starting...
2026-05-18T10:38:25.629+08:00  INFO 6504 --- [bible-text-service] [           main] com.zaxxer.hikari.pool.HikariPool        : HikariPool-1 - Added connection conn0: url=jdbc:h2:file:./data/text-db user=SA
2026-05-18T10:38:25.639+08:00  INFO 6504 --- [bible-text-service] [           main] com.zaxxer.hikari.HikariDataSource       : HikariPool-1 - Start completed.
2026-05-18T10:38:25.676+08:00  INFO 6504 --- [bible-text-service] [           main] o.s.b.a.h2.H2ConsoleAutoConfiguration    : H2 console available at '/h2-console'. Database available at 'jdbc:h2:file:./data/text-db'
2026-05-18T10:38:38.962+08:00  INFO 6504 --- [bible-text-service] [           main] o.hibernate.jpa.internal.util.LogHelper  : HHH000204: Processing PersistenceUnitInfo [name: default]
2026-05-18T10:38:39.408+08:00  INFO 6504 --- [bible-text-service] [           main] org.hibernate.Version                    : HHH000412: Hibernate ORM core version 6.4.1.Final
2026-05-18T10:38:39.597+08:00  INFO 6504 --- [bible-text-service] [           main] o.h.c.internal.RegionFactoryInitiator    : HHH000026: Second-level cache disabled
2026-05-18T10:38:40.489+08:00  INFO 6504 --- [bible-text-service] [           main] o.s.o.j.p.SpringPersistenceUnitInfo      : No LoadTimeWeaver setup: ignoring JPA class transformer
2026-05-18T10:38:43.226+08:00  INFO 6504 --- [bible-text-service] [           main] o.h.e.t.j.p.i.JtaPlatformInitiator       : HHH000489: No JTA platform available (set 'hibernate.transaction.jta.platform' to enable JTA platform integration)
2026-05-18T10:38:43.371+08:00 DEBUG 6504 --- [bible-text-service] [           main] org.hibernate.SQL                        : 
    create table books (
        id bigint generated by default as identity,
        book_id varchar(255) not null,
        chapter_count integer not null,
        english_name varchar(255) not null,
        name varchar(255) not null,
        order_index integer not null,
        osis_id varchar(255),
        translation_id bigint not null,
        primary key (id)
    )
2026-05-18T10:38:43.402+08:00 DEBUG 6504 --- [bible-text-service] [           main] org.hibernate.SQL                        : 
    create table translations (
        id bigint generated by default as identity,
        abbreviation varchar(255),
        code varchar(255) not null,
        description varchar(255),
        is_active boolean not null,
        language varchar(255) not null,
        name varchar(255) not null,
        primary key (id)
    )
2026-05-18T10:38:43.402+08:00 DEBUG 6504 --- [bible-text-service] [           main] org.hibernate.SQL                        : 
    create table verses (
        id bigint generated by default as identity,
        chapter integer not null,
        text TEXT not null,
        verse integer not null,
        verse_key varchar(255) not null,
        book_id bigint not null,
        primary key (id)
    )
2026-05-18T10:38:43.402+08:00 DEBUG 6504 --- [bible-text-service] [           main] org.hibernate.SQL                        : 
    alter table if exists translations 
       drop constraint if exists UK_phjltibhl8axm5kvskse32kry
2026-05-18T10:38:43.402+08:00 DEBUG 6504 --- [bible-text-service] [           main] org.hibernate.SQL                        : 
    alter table if exists translations 
       add constraint UK_phjltibhl8axm5kvskse32kry unique (code)
2026-05-18T10:38:43.418+08:00 DEBUG 6504 --- [bible-text-service] [           main] org.hibernate.SQL                        : 
    create index idx_verse_lookup 
       on verses (book_id, chapter, verse)
2026-05-18T10:38:43.418+08:00 DEBUG 6504 --- [bible-text-service] [           main] org.hibernate.SQL                        : 
    alter table if exists books 
       add constraint FK2j4nati365odm24haw1weo6j2 
       foreign key (translation_id) 
       references translations
2026-05-18T10:38:43.433+08:00 DEBUG 6504 --- [bible-text-service] [           main] org.hibernate.SQL                        : 
    alter table if exists verses 
       add constraint FK6hslabp9unr19cst7wu367dng 
       foreign key (book_id) 
       references books
2026-05-18T10:38:43.449+08:00  INFO 6504 --- [bible-text-service] [           main] j.LocalContainerEntityManagerFactoryBean : Initialized JPA EntityManagerFactory for persistence unit 'default'
2026-05-18T10:38:48.754+08:00  INFO 6504 --- [bible-text-service] [           main] o.s.d.j.r.query.QueryEnhancerFactory     : Hibernate is in classpath; If applicable, HQL parser will be used.
2026-05-18T10:38:51.149+08:00  WARN 6504 --- [bible-text-service] [           main] JpaBaseConfiguration$JpaWebConfiguration : spring.jpa.open-in-view is enabled by default. Therefore, database queries may be performed during view rendering. Explicitly configure spring.jpa.open-in-view to disable this warning
2026-05-18T10:38:54.181+08:00  INFO 6504 --- [bible-text-service] [           main] o.s.b.w.embedded.tomcat.TomcatWebServer  : Tomcat started on port 8081 (http) with context path ''
2026-05-18T10:38:54.258+08:00  INFO 6504 --- [bible-text-service] [           main] c.bible.text.TextServiceApplicationKt    : Started TextServiceApplicationKt in 61.314 seconds (process running for 67.616)
2026-05-18T10:53:00.788+08:00  INFO 6504 --- [bible-text-service] [nio-8081-exec-2] o.a.c.c.C.[Tomcat].[localhost].[/]       : Initializing Spring DispatcherServlet 'dispatcherServlet'
2026-05-18T10:53:00.789+08:00  INFO 6504 --- [bible-text-service] [nio-8081-exec-2] o.s.web.servlet.DispatcherServlet        : Initializing Servlet 'dispatcherServlet'
2026-05-18T10:53:00.792+08:00  INFO 6504 --- [bible-text-service] [nio-8081-exec-2] o.s.web.servlet.DispatcherServlet        : Completed initialization in 2 ms
